# basenames to remove from monorepo bindir (owned by noarch / script wrappers)
a2ping
a5toa4
adhocfilelist
afm2afm
albatross
allneeded
aom-fullref
arara
arlatex
authorindex
autoinst
bbl2bib
bg5latex
bg5pdflatex
bib2gls
bibcop
bibdoiadd
bibexport
bibmradd
biburl2doi
bibzbladd
bookshelf-listallfonts
bookshelf-mkfontsel
bundledoc
cachepic
cef5latex
cef5pdflatex
ceflatex
cefpdflatex
cefslatex
cefspdflatex
checkcites
checklistings
chklref
chkweb
citeproc-lua
cjk-gs-integrate
context.lua
convbkmk
convertgls2bib
ctan-o-mat
ctanbib
ctanify
ctanupload
ctwill-proofsort
datatool2bib
de-macro
depythontex
deweb
diadia
digestif
dosepsbin
dtxgen
dvi2fax
dviasm
dvihp
dviinfox
dvipdft
dvired
e2pall
ebong
edtx2dtx
eolang
epspdf
epspdftk
exceltex
explcheck
extractres
fig4latex
findhyph
fmtutil-sys
fmtutil-user
fontinst
fragmaster
getmapdl
git-latexdiff
ht
htlatex
htmex
httex
httexi
htxelatex
htxetex
hyperxmp-add-bytecount
includeres
installfont-tl
jamo-normalize
jfmutil
kanji-config-updmap
kanji-config-updmap-sys
kanji-config-updmap-user
kanji-fontmap-creator
ketcindy
komkindex
kpsewhere
l3build
l3sys-query
latex-git-log
latex-papersize
latex2man
latex2nemeth
latexdiff
latexdiff-vc
latexfileversion
latexindent
latexminted
latexmk
latexpand
latexrevise
lily-glyph-commands
lily-image-commands
lily-rebuild-pdfs
listbib
listings-ext.sh
llmk
ltx2crossrefxml
ltx2unitxt
ltxfileinfo
ltximg
luafindfont
luaotfload-tool
lwarpmk
make4ht
makedtx
makeglossaries
makeglossaries-lite
man
markdown2tex
match_parens
mathspic
memoize-clean.pl
memoize-clean.py
memoize-extract.pl
memoize-extract.py
mf2pt1
mk4ht
mkgrkindex
mkindex
mkjobtexmf
mkocp
mkofm
mkpic
mkt1font
mktexmf
mktexpk
mktextfm
mptopdf
mtxrun.lua
multibibliography
musixflx
musixtex
optexcount
ot2kpx
pagelayoutapi
pamphletangler
pdfannotextractor
pdfatfi
pdfbook2
pdfjam
pdflatexpicscale
pdftex-quiet
pdfxup
pedigree
perltex
pfarrei
pkfix
pkfix-helper
pmxchords
pn2pdf
ppmcheckpdf
ps2eps
ps2frag
ps4pdf
psjoin
pslatex
pst2pdf
ptex2pdf
purifyeps
pygmentex
pythontex
rubibtex
rubikrotation
rumakeindex
rungs
runtexfile
runtexshebang
show-pdf-tags
simpdftex
sjislatex
sjispdflatex
spix
splitindex
sqltex
srcredact
sty2dtx
svn-multi
tex4ebook
texaccents
texblend
texconfig
texconfig-dialog
texconfig-sys
texcount
texdiff
texdirflatten
texdoc
texdoctk
texexec
texfindpkg
texfot
texindy
texlinks
texliveonfly
texloganalyser
texlogfilter
texlogsieve
texmfstart
texosquery
texosquery-jre5
texosquery-jre8
texplate
textestvis
thumbpdf
tikztosvg
tlcockpit
tlmgr
tlshell
tpic2pdftex
ttf2kotexfont
twill-refsort
typeoutfileinfo
typog-grep
ulqda
updmap
updmap-sys
updmap-user
urlbst
vpe
vpl2ovp
vpl2vpl
webquiz
wordcount
xasy
xdvi
xelatex-unsafe
xetex-unsafe
xhlatex
xindex
xindy
yplan
