# name	target  — sibling engine/format aliases (ln -sf target name)
allec	allcm
amstex	pdftex
bg5+latex	gbklatex
bg5+pdflatex	gbkpdflatex
cllualatex	cluttex
clxelatex	cluttex
context	luametatex
csplain	pdftex
dvigif	dvipng
dvilj6	dvilj4
dvilualatex	luatex
dvilualatex-dev	luatex
dviluatex	luatex
dvipdfm	xdvipdfmx
dvipdfmx	xdvipdfmx
dvitomp	mpost
ebb	extractbb
eplain	pdftex
eptex	euptex
etex	pdftex
hilatex	hitex
inimf	mf
initex	tex
jadetex	pdftex
kpsepath	kpsetool
kpsexpand	kpsetool
latex	pdftex
latex-dev	pdftex
latexdef	texdef
lollipop	tex
luacsplain	luatex
lualatex	luahbtex
lualatex-dev	luahbtex
mex	pdftex
mflua-nowin	mflua
mfluajit-nowin	mfluajit
mfplain	mpost
mktexfmt	fmtutil
mllatex	pdftex
mltex	pdftex
mtxrun	luametatex
ofm2opl	omfonts
opl2ofm	omfonts
optex	luahbtex
ovf2ovp	omfonts
ovp2ovf	omfonts
pbibtex	upbibtex
pdfcsplain	pdftex
pdfetex	pdftex
pdfjadetex	pdftex
pdflatex	pdftex
pdflatex-dev	pdftex
pdfmex	pdftex
pdfxmltex	pdftex
pdvitomp	pmpost
pdvitype	updvitype
platex	euptex
platex-dev	euptex
ppltotf	uppltotf
ptex	euptex
ptftopl	uptftopl
r-mpost	mpost
r-pmpost	pmpost
r-upmpost	upmpost
repstopdf	epstopdf
rpdfcrop	pdfcrop
texhash	mktexlsr
texlua	luatex
texluac	luatex
texluajit	luajittex
texluajitc	luajittex
texsis	pdftex
updvitomp	upmpost
uplatex	euptex
uplatex-dev	euptex
uptex	euptex
utf8mex	pdftex
xelatex	xetex
xelatex-dev	xetex
xmltex	pdftex
